[06-18 01:25:32] Waiting for service at http://127.0.0.1:30232...
[06-18 01:25:32] Service is ready.
[06-18 01:25:32] Updated model name from server: baidu/ERNIE-Image-Turbo
[06-18 01:25:32] Using task from --task: text-to-image
[06-18 01:25:32] Loading requests...
[06-18 01:25:32] Prepared 4 requests from vbench dataset.
[06-18 01:25:32] Running 1 warmup request(s) with num_inference_steps=1...
[06-18 01:25:45] Warmup 1/1: latency=12.70s, success=True

================= Serving Benchmark Result =================
Task:                                         text-to-image                 
Model:                                        baidu/ERNIE-Image-Turbo       
Dataset:                                      vbench                        
--------------------------------------------------
Benchmark duration (s):                       47.88                         
Request rate:                                 inf                           
Max request concurrency:                      4                             
Successful requests:                          4/4                           
Completed outputs:                            4                             
Outputs per prompt:                           1                             
--------------------------------------------------
Request throughput (req/s):                   0.08                          
Output throughput (outputs/s):                0.08                          
Latency Mean (s):                             30.53                         
Latency Median (s):                           31.49                         
Latency P90 (s):                              44.47                         
Latency P95 (s):                              46.18                         
Latency P99 (s):                              47.54                         
--------------------------------------------------
Peak Memory Max (MB):                         32056.00                      
Peak Memory Mean (MB):                        32041.50                      
Peak Memory Median (MB):                      32044.00                      
------------------------------------------------------------
Metrics saved to /workspace/continuous-bench/results/more_models/ernie_turbo/no_batch_512x512_inf_run1.json
