[06-18 06:12:05] Waiting for service at http://127.0.0.1:30311...
[06-18 06:12:05] Service is ready.
[06-18 06:12:05] Updated model name from server: zai-org/GLM-Image
[06-18 06:12:05] Using task from --task: text-to-image
[06-18 06:12:05] Loading requests...
[06-18 06:12:05] Prepared 4 requests from vbench dataset.
[06-18 06:12:05] Running 1 warmup request(s) with num_inference_steps=1...
[06-18 06:12:20] Warmup 1/1: latency=14.72s, success=True

================= Serving Benchmark Result =================
Task:                                         text-to-image                 
Model:                                        zai-org/GLM-Image             
Dataset:                                      vbench                        
--------------------------------------------------
Benchmark duration (s):                       58.80                         
Request rate:                                 inf                           
Max request concurrency:                      4                             
Successful requests:                          4/4                           
Completed outputs:                            4                             
Outputs per prompt:                           1                             
--------------------------------------------------
Request throughput (req/s):                   0.07                          
Output throughput (outputs/s):                0.07                          
Latency Mean (s):                             58.71                         
Latency Median (s):                           58.80                         
Latency P90 (s):                              58.80                         
Latency P95 (s):                              58.80                         
Latency P99 (s):                              58.80                         
--------------------------------------------------
Peak Memory Max (MB):                         36676.00                      
Peak Memory Mean (MB):                        36676.00                      
Peak Memory Median (MB):                      36676.00                      
------------------------------------------------------------
Metrics saved to /workspace/continuous-bench/results/fix_smokes/glm_image_continuous_512x512_smoke.json
