[06-18 06:08:52] Waiting for service at http://127.0.0.1:30311...
[06-18 06:08:52] Service is ready.
[06-18 06:08:52] Updated model name from server: zai-org/GLM-Image
[06-18 06:08:52] Using task from --task: text-to-image
[06-18 06:08:52] Loading requests...
[06-18 06:08:52] Prepared 4 requests from vbench dataset.
[06-18 06:08:52] Running 1 warmup request(s) with num_inference_steps=1...
[06-18 06:09:07] Warmup 1/1: latency=14.57s, success=True

================= Serving Benchmark Result =================
Task:                                         text-to-image                 
Model:                                        zai-org/GLM-Image             
Dataset:                                      vbench                        
--------------------------------------------------
Benchmark duration (s):                       58.04                         
Request rate:                                 inf                           
Max request concurrency:                      4                             
Successful requests:                          4/4                           
Completed outputs:                            4                             
Outputs per prompt:                           1                             
--------------------------------------------------
Request throughput (req/s):                   0.07                          
Output throughput (outputs/s):                0.07                          
Latency Mean (s):                             36.24                         
Latency Median (s):                           36.22                         
Latency P90 (s):                              53.67                         
Latency P95 (s):                              55.86                         
Latency P99 (s):                              57.61                         
--------------------------------------------------
Peak Memory Max (MB):                         36670.00                      
Peak Memory Mean (MB):                        36670.00                      
Peak Memory Median (MB):                      36670.00                      
------------------------------------------------------------
Metrics saved to /workspace/continuous-bench/results/fix_smokes/glm_image_no_batch_512x512_smoke.json
