[06-18 06:06:33] Waiting for service at http://127.0.0.1:30310...
[06-18 06:06:33] Service is ready.
[06-18 06:06:33] Updated model name from server: Tongyi-MAI/Z-Image
[06-18 06:06:33] Using task from --task: text-to-image
[06-18 06:06:33] Loading requests...
[06-18 06:06:33] Prepared 4 requests from vbench dataset.
[06-18 06:06:33] Running 1 warmup request(s) with num_inference_steps=1...
[06-18 06:06:37] Warmup 1/1: latency=4.23s, success=True

================= Serving Benchmark Result =================
Task:                                         text-to-image                 
Model:                                        Tongyi-MAI/Z-Image            
Dataset:                                      vbench                        
--------------------------------------------------
Benchmark duration (s):                       13.56                         
Request rate:                                 inf                           
Max request concurrency:                      4                             
Successful requests:                          4/4                           
Completed outputs:                            4                             
Outputs per prompt:                           1                             
--------------------------------------------------
Request throughput (req/s):                   0.29                          
Output throughput (outputs/s):                0.29                          
Latency Mean (s):                             13.48                         
Latency Median (s):                           13.56                         
Latency P90 (s):                              13.56                         
Latency P95 (s):                              13.56                         
Latency P99 (s):                              13.56                         
--------------------------------------------------
Peak Memory Max (MB):                         21262.00                      
Peak Memory Mean (MB):                        21262.00                      
Peak Memory Median (MB):                      21262.00                      
------------------------------------------------------------
Metrics saved to /workspace/continuous-bench/results/fix_smokes/zimage_continuous_512x512_smoke.json
