[06-18 06:05:17] Waiting for service at http://127.0.0.1:30310...
[06-18 06:05:17] Service is ready.
[06-18 06:05:17] Updated model name from server: Tongyi-MAI/Z-Image
[06-18 06:05:17] Using task from --task: text-to-image
[06-18 06:05:17] Loading requests...
[06-18 06:05:17] Prepared 4 requests from vbench dataset.
[06-18 06:05:17] Running 1 warmup request(s) with num_inference_steps=1...
[06-18 06:05:21] Warmup 1/1: latency=4.17s, success=True

================= Serving Benchmark Result =================
Task:                                         text-to-image                 
Model:                                        Tongyi-MAI/Z-Image            
Dataset:                                      vbench                        
--------------------------------------------------
Benchmark duration (s):                       10.79                         
Request rate:                                 inf                           
Max request concurrency:                      4                             
Successful requests:                          4/4                           
Completed outputs:                            4                             
Outputs per prompt:                           1                             
--------------------------------------------------
Request throughput (req/s):                   0.37                          
Output throughput (outputs/s):                0.37                          
Latency Mean (s):                             6.74                          
Latency Median (s):                           6.74                          
Latency P90 (s):                              9.98                          
Latency P95 (s):                              10.39                         
Latency P99 (s):                              10.71                         
--------------------------------------------------
Peak Memory Max (MB):                         20972.00                      
Peak Memory Mean (MB):                        20972.00                      
Peak Memory Median (MB):                      20972.00                      
------------------------------------------------------------
Metrics saved to /workspace/continuous-bench/results/fix_smokes/zimage_no_batch_512x512_smoke.json
