[06-18 01:33:46] Waiting for service at http://127.0.0.1:30233...
[06-18 01:33:46] Service is ready.
[06-18 01:33:46] Updated model name from server: zai-org/GLM-Image
[06-18 01:33:46] Using task from --task: text-to-image
[06-18 01:33:46] Loading requests...
[06-18 01:33:46] Prepared 4 requests from vbench dataset.
[06-18 01:33:46] Running 1 warmup request(s) with num_inference_steps=1...
[06-18 01:34:06] Warmup 1/1: latency=20.45s, success=True

================= Serving Benchmark Result =================
Task:                                         text-to-image                 
Model:                                        zai-org/GLM-Image             
Dataset:                                      vbench                        
--------------------------------------------------
Benchmark duration (s):                       58.16                         
Request rate:                                 inf                           
Max request concurrency:                      4                             
Successful requests:                          4/4                           
Completed outputs:                            4                             
Outputs per prompt:                           1                             
--------------------------------------------------
Request throughput (req/s):                   0.07                          
Output throughput (outputs/s):                0.07                          
Latency Mean (s):                             36.38                         
Latency Median (s):                           36.39                         
Latency P90 (s):                              53.81                         
Latency P95 (s):                              55.99                         
Latency P99 (s):                              57.73                         
--------------------------------------------------
Peak Memory Max (MB):                         36672.00                      
Peak Memory Mean (MB):                        36670.50                      
Peak Memory Median (MB):                      36670.00                      
------------------------------------------------------------
Metrics saved to /workspace/continuous-bench/results/more_models/glm_image/no_batch_512x512_inf_run1.json
