[06-18 01:28:24] Waiting for service at http://127.0.0.1:30232...
[06-18 01:28:24] Service is ready.
[06-18 01:28:24] Updated model name from server: baidu/ERNIE-Image-Turbo
[06-18 01:28:24] Using task from --task: text-to-image
[06-18 01:28:24] Loading requests...
[06-18 01:28:24] Prepared 4 requests from vbench dataset.
[06-18 01:28:24] Running 1 warmup request(s) with num_inference_steps=1...
[06-18 01:28:33] Warmup 1/1: latency=9.31s, success=True

================= Serving Benchmark Result =================
Task:                                         text-to-image                 
Model:                                        baidu/ERNIE-Image-Turbo       
Dataset:                                      vbench                        
--------------------------------------------------
Benchmark duration (s):                       56.00                         
Request rate:                                 inf                           
Max request concurrency:                      4                             
Successful requests:                          4/4                           
Completed outputs:                            4                             
Outputs per prompt:                           1                             
--------------------------------------------------
Request throughput (req/s):                   0.07                          
Output throughput (outputs/s):                0.07                          
Latency Mean (s):                             55.89                         
Latency Median (s):                           56.00                         
Latency P90 (s):                              56.00                         
Latency P95 (s):                              56.00                         
Latency P99 (s):                              56.00                         
--------------------------------------------------
Peak Memory Max (MB):                         32436.00                      
Peak Memory Mean (MB):                        32436.00                      
Peak Memory Median (MB):                      32436.00                      
------------------------------------------------------------
Metrics saved to /workspace/continuous-bench/results/more_models/ernie_turbo/continuous_512x512_inf_run1.json
